2026-05-25 23:41:07,062 [INFO] --- Launching Ingestion Phase for 2026-05-25 ---
2026-05-25 23:41:07,062 [INFO] Extracting raw weather payload data from Open-Meteo API...
2026-05-25 23:41:07,498 [INFO] Loading stage complete! Raw payload file successfully saved to: raw_json/forecast_2026-05-25.json
2026-05-25 23:41:07,498 [INFO] Connecting to cloud Neon PostgreSQL database instance to archive JSONB document...
2026-05-25 23:41:07,865 [INFO] Successfully committed complete JSONB document payload to cloud storage.
2026-05-25 23:41:07,866 [INFO] Pipeline Execution Success: Raw payload archived to GitHub and flat arrays committed to PostgreSQL database.
2026-05-25 23:41:08,075 [INFO] --- Launching Transform Phase for 2026-05-25 ---
2026-05-25 23:41:08,075 [INFO] Connecting to cloud Neon PostgreSQL database instance to read metrics for 2026-05-25...
2026-05-25 23:41:08,327 [INFO] Calculated Metrics from Staged JSONB Document: Temp: 62.3°F | Humid: 89.8% | Vector: 283.7° (WNW -> Downwind: ESE)
2026-05-25 23:41:08,348 [INFO] Successfully stored summarized shift targets inside local DuckDB instance.
2026-05-25 23:41:08,356 [INFO] --- Transform Stage Complete for 2026-05-25 ---
2026-05-25 23:41:08,450 [INFO] Starting static dashboard generation (Template)...
2026-05-25 23:41:08,459 [INFO] Dashboard template finalized. Output: index.html
2026-05-26 13:08:09,540 [INFO] --- Launching Ingestion Phase for 2026-05-26 ---
2026-05-26 13:08:09,540 [INFO] Extracting raw weather payload data from Open-Meteo API...
2026-05-26 13:08:09,540 [INFO] Extracting data (Attempt 1/3)...
2026-05-26 13:08:24,672 [INFO] Loading stage complete! Raw payload file successfully saved to: raw_json/forecast_2026-05-26.json
2026-05-26 13:08:24,673 [INFO] Connecting to cloud Neon PostgreSQL database instance to archive JSONB document...
2026-05-26 13:08:25,617 [INFO] Successfully committed complete JSONB document payload to cloud storage.
2026-05-26 13:08:25,617 [INFO] Pipeline Execution Success: Raw payload archived to GitHub and flat arrays committed to PostgreSQL database.
2026-05-26 13:08:25,726 [INFO] --- Launching Transform Phase for 2026-05-26 ---
2026-05-26 13:08:25,726 [INFO] Connecting to cloud Neon PostgreSQL database instance to read metrics for 2026-05-26...
2026-05-26 13:08:25,868 [INFO] Calculated Metrics from Staged JSONB Document: Temp: 68.2°F | Humid: 64.3% | Vector: 214.2° (SW -> Downwind: NE)
2026-05-26 13:08:25,884 [INFO] Successfully stored summarized shift targets inside local DuckDB instance.
2026-05-26 13:08:25,899 [INFO] --- Transform Stage Complete for 2026-05-26 ---
2026-05-26 13:08:25,978 [INFO] Starting static dashboard generation (Template)...
2026-05-26 13:08:25,987 [INFO] Dashboard template finalized. Output: index.html
2026-05-27 11:49:43,433 [INFO] --- Launching Ingestion Phase for 2026-05-27 ---
2026-05-27 11:49:43,434 [INFO] Extracting raw weather payload data from Open-Meteo API...
2026-05-27 11:49:43,434 [INFO] Extracting data (Attempt 1/3)...
2026-05-27 11:49:43,834 [INFO] Loading stage complete! Raw payload file successfully saved to: raw_json/forecast_2026-05-27.json
2026-05-27 11:49:43,834 [INFO] Connecting to cloud Neon PostgreSQL database instance to archive JSONB document...
2026-05-27 11:49:44,862 [INFO] Successfully committed complete JSONB document payload to cloud storage.
2026-05-27 11:49:44,862 [INFO] Pipeline Execution Success: Raw payload archived to GitHub and flat arrays committed to PostgreSQL database.
2026-05-27 11:49:44,967 [INFO] --- Launching Transform Phase for 2026-05-27 ---
2026-05-27 11:49:44,967 [INFO] Connecting to cloud Neon PostgreSQL database instance to read metrics for 2026-05-27...
2026-05-27 11:49:45,225 [INFO] Calculated Metrics from Staged JSONB Document: Temp: 63.9°F | Humid: 67.6% | Vector: 222.3° (SW -> Downwind: NE)
2026-05-27 11:49:45,241 [INFO] Successfully stored summarized shift targets inside local DuckDB instance.
2026-05-27 11:49:45,256 [INFO] --- Transform Stage Complete for 2026-05-27 ---
2026-05-27 11:49:45,331 [INFO] Starting static dashboard generation (Template)...
2026-05-27 11:49:45,339 [INFO] Dashboard template finalized. Output: index.html
2026-05-28 11:51:18,248 [INFO] --- Launching Ingestion Phase for 2026-05-28 ---
2026-05-28 11:51:18,248 [INFO] Extracting raw weather payload data from Open-Meteo API...
2026-05-28 11:51:18,248 [INFO] Extracting data (Attempt 1/3)...
2026-05-28 11:51:18,748 [INFO] Loading stage complete! Raw payload file successfully saved to: raw_json/forecast_2026-05-28.json
2026-05-28 11:51:18,748 [INFO] Connecting to cloud Neon PostgreSQL database instance to archive JSONB document...
2026-05-28 11:51:19,547 [INFO] Successfully committed complete JSONB document payload to cloud storage.
2026-05-28 11:51:19,547 [INFO] Pipeline Execution Success: Raw payload archived to GitHub and flat arrays committed to PostgreSQL database.
2026-05-28 11:51:19,640 [INFO] --- Launching Transform Phase for 2026-05-28 ---
2026-05-28 11:51:19,640 [INFO] Connecting to cloud Neon PostgreSQL database instance to read metrics for 2026-05-28...
2026-05-28 11:51:19,784 [INFO] Calculated Metrics from Staged JSONB Document: Temp: 63.6°F | Humid: 53.5% | Vector: 351.8° (N -> Downwind: S)
2026-05-28 11:51:19,803 [INFO] Successfully stored summarized shift targets inside local DuckDB instance.
2026-05-28 11:51:19,842 [INFO] --- Transform Stage Complete for 2026-05-28 ---
2026-05-28 11:51:19,909 [INFO] Starting static dashboard generation (Template)...
2026-05-28 11:51:19,917 [INFO] Dashboard template finalized. Output: index.html
2026-05-29 11:42:00,668 [INFO] --- Launching Ingestion Phase for 2026-05-29 ---
2026-05-29 11:42:00,668 [INFO] Extracting raw weather payload data from Open-Meteo API...
2026-05-29 11:42:00,668 [INFO] Extracting data (Attempt 1/3)...
2026-05-29 11:42:01,159 [INFO] Loading stage complete! Raw payload file successfully saved to: raw_json/forecast_2026-05-29.json
2026-05-29 11:42:01,159 [INFO] Connecting to cloud Neon PostgreSQL database instance to archive JSONB document...
2026-05-29 11:42:02,007 [INFO] Successfully committed complete JSONB document payload to cloud storage.
2026-05-29 11:42:02,007 [INFO] Pipeline Execution Success: Raw payload archived to GitHub and flat arrays committed to PostgreSQL database.
2026-05-29 11:42:02,111 [INFO] --- Launching Transform Phase for 2026-05-29 ---
2026-05-29 11:42:02,112 [INFO] Connecting to cloud Neon PostgreSQL database instance to read metrics for 2026-05-29...
2026-05-29 11:42:02,258 [INFO] Calculated Metrics from Staged JSONB Document: Temp: 57.9°F | Humid: 71.4% | Vector: 228.1° (SW -> Downwind: NE)
2026-05-29 11:42:02,273 [INFO] Successfully stored summarized shift targets inside local DuckDB instance.
2026-05-29 11:42:02,288 [INFO] --- Transform Stage Complete for 2026-05-29 ---
2026-05-29 11:42:02,362 [INFO] Starting static dashboard generation (Template)...
2026-05-29 11:42:02,371 [INFO] Dashboard template finalized. Output: index.html
2026-06-01 13:48:02,911 [INFO] --- Launching Ingestion Phase for 2026-06-01 ---
2026-06-01 13:48:02,911 [INFO] Extracting raw weather payload data from Open-Meteo API...
2026-06-01 13:48:02,911 [INFO] Extracting data (Attempt 1/3)...
2026-06-01 13:48:03,310 [INFO] Loading stage complete! Raw payload file successfully saved to: raw_json/forecast_2026-06-01.json
2026-06-01 13:48:03,310 [INFO] Connecting to cloud Neon PostgreSQL database instance to archive JSONB document...
2026-06-01 13:48:04,336 [INFO] Successfully committed complete JSONB document payload to cloud storage.
2026-06-01 13:48:04,337 [INFO] Pipeline Execution Success: Raw payload archived to GitHub and flat arrays committed to PostgreSQL database.
2026-06-01 13:48:04,451 [INFO] --- Launching Transform Phase for 2026-06-01 ---
2026-06-01 13:48:04,451 [INFO] Connecting to cloud Neon PostgreSQL database instance to read metrics for 2026-06-01...
2026-06-01 13:48:04,734 [INFO] Calculated Metrics from Staged JSONB Document: Temp: 65.5°F | Humid: 44.5% | Vector: 34.7° (NE -> Downwind: SW)
2026-06-01 13:48:04,752 [INFO] Successfully stored summarized shift targets inside local DuckDB instance.
2026-06-01 13:48:04,765 [INFO] --- Transform Stage Complete for 2026-06-01 ---
2026-06-01 13:48:04,848 [INFO] Starting static dashboard generation (Template)...
2026-06-01 13:48:04,858 [INFO] Dashboard template finalized. Output: index.html
2026-06-02 12:15:50,404 [INFO] --- Launching Ingestion Phase for 2026-06-02 ---
2026-06-02 12:15:50,404 [INFO] Extracting raw weather payload data from Open-Meteo API...
2026-06-02 12:15:50,405 [INFO] Extracting data (Attempt 1/3)...
2026-06-02 12:15:50,910 [INFO] Loading stage complete! Raw payload file successfully saved to: raw_json/forecast_2026-06-02.json
2026-06-02 12:15:50,911 [INFO] Connecting to cloud Neon PostgreSQL database instance to archive JSONB document...
2026-06-02 12:15:51,685 [INFO] Successfully committed complete JSONB document payload to cloud storage.
2026-06-02 12:15:51,686 [INFO] Pipeline Execution Success: Raw payload archived to GitHub and flat arrays committed to PostgreSQL database.
2026-06-02 12:15:51,790 [INFO] --- Launching Transform Phase for 2026-06-02 ---
2026-06-02 12:15:51,790 [INFO] Connecting to cloud Neon PostgreSQL database instance to read metrics for 2026-06-02...
2026-06-02 12:15:51,922 [INFO] Calculated Metrics from Staged JSONB Document: Temp: 66.7°F | Humid: 43.6% | Vector: 222.8° (SW -> Downwind: NE)
2026-06-02 12:15:51,938 [INFO] Successfully stored summarized shift targets inside local DuckDB instance.
2026-06-02 12:15:51,973 [INFO] --- Transform Stage Complete for 2026-06-02 ---
2026-06-02 12:15:52,048 [INFO] Starting static dashboard generation (Template)...
2026-06-02 12:15:52,057 [INFO] Dashboard template finalized. Output: index.html
2026-06-03 09:07:10,351 [INFO] --- Launching Ingestion Phase for 2026-06-03 ---
2026-06-03 09:07:10,351 [INFO] Extracting raw weather payload data from Open-Meteo API...
2026-06-03 09:07:10,351 [INFO] Extracting data (Attempt 1/3)...
2026-06-03 09:07:10,800 [INFO] Loading stage complete! Raw payload file successfully saved to: raw_json/forecast_2026-06-03.json
2026-06-03 09:07:10,800 [INFO] Connecting to cloud Neon PostgreSQL database instance to archive JSONB document...
2026-06-03 09:07:11,585 [INFO] Successfully committed complete JSONB document payload to cloud storage.
2026-06-03 09:07:11,585 [INFO] Pipeline Execution Success: Raw payload archived to GitHub and flat arrays committed to PostgreSQL database.
2026-06-03 09:07:11,699 [INFO] --- Launching Transform Phase for 2026-06-03 ---
2026-06-03 09:07:11,700 [INFO] Connecting to cloud Neon PostgreSQL database instance to read metrics for 2026-06-03...
2026-06-03 09:07:11,832 [INFO] Calculated Metrics from Staged JSONB Document: Temp: 64.9°F | Humid: 52.9% | Vector: 220.2° (SW -> Downwind: NE)
2026-06-03 09:07:11,848 [INFO] Successfully stored summarized shift targets inside local DuckDB instance.
2026-06-03 09:07:11,883 [INFO] --- Transform Stage Complete for 2026-06-03 ---
2026-06-03 09:07:11,966 [INFO] Starting static dashboard generation (Template)...
2026-06-03 09:07:11,975 [INFO] Dashboard template finalized. Output: index.html
2026-06-04 08:35:24,318 [INFO] --- Launching Ingestion Phase for 2026-06-04 ---
2026-06-04 08:35:24,318 [INFO] Extracting raw weather payload data from Open-Meteo API...
2026-06-04 08:35:24,318 [INFO] Extracting data (Attempt 1/3)...
2026-06-04 08:35:24,781 [INFO] Loading stage complete! Raw payload file successfully saved to: raw_json/forecast_2026-06-04.json
2026-06-04 08:35:24,782 [INFO] Connecting to cloud Neon PostgreSQL database instance to archive JSONB document...
2026-06-04 08:35:25,869 [INFO] Successfully committed complete JSONB document payload to cloud storage.
2026-06-04 08:35:25,869 [INFO] Pipeline Execution Success: Raw payload archived to GitHub and flat arrays committed to PostgreSQL database.
2026-06-04 08:35:25,987 [INFO] --- Launching Transform Phase for 2026-06-04 ---
2026-06-04 08:35:25,987 [INFO] Connecting to cloud Neon PostgreSQL database instance to read metrics for 2026-06-04...
2026-06-04 08:35:26,300 [INFO] Calculated Metrics from Staged JSONB Document: Temp: 67.7°F | Humid: 48.4% | Vector: 225.1° (SW -> Downwind: NE)
2026-06-04 08:35:26,317 [INFO] Successfully stored summarized shift targets inside local DuckDB instance.
2026-06-04 08:35:26,353 [INFO] --- Transform Stage Complete for 2026-06-04 ---
2026-06-04 08:35:26,435 [INFO] Starting static dashboard generation (Template)...
2026-06-04 08:35:26,444 [INFO] Dashboard template finalized. Output: index.html
2026-06-05 08:17:40,507 [INFO] --- Launching Ingestion Phase for 2026-06-05 ---
2026-06-05 08:17:40,507 [INFO] Extracting raw weather payload data from Open-Meteo API...
2026-06-05 08:17:40,507 [INFO] Extracting data (Attempt 1/3)...
2026-06-05 08:17:40,912 [INFO] Loading stage complete! Raw payload file successfully saved to: raw_json/forecast_2026-06-05.json
2026-06-05 08:17:40,912 [INFO] Connecting to cloud Neon PostgreSQL database instance to archive JSONB document...
2026-06-05 08:17:42,231 [INFO] Successfully committed complete JSONB document payload to cloud storage.
2026-06-05 08:17:42,231 [INFO] Pipeline Execution Success: Raw payload archived to GitHub and flat arrays committed to PostgreSQL database.
2026-06-05 08:17:42,336 [INFO] --- Launching Transform Phase for 2026-06-05 ---
2026-06-05 08:17:42,336 [INFO] Connecting to cloud Neon PostgreSQL database instance to read metrics for 2026-06-05...
2026-06-05 08:17:42,574 [INFO] Calculated Metrics from Staged JSONB Document: Temp: 72.7°F | Humid: 49.3% | Vector: 228.6° (SW -> Downwind: NE)
2026-06-05 08:17:42,593 [INFO] Successfully stored summarized shift targets inside local DuckDB instance.
2026-06-05 08:17:42,642 [INFO] --- Transform Stage Complete for 2026-06-05 ---
2026-06-05 08:17:42,720 [INFO] Starting static dashboard generation (Template)...
2026-06-05 08:17:42,729 [INFO] Dashboard template finalized. Output: index.html
2026-06-08 09:05:16,790 [INFO] --- Launching Ingestion Phase for 2026-06-08 ---
2026-06-08 09:05:16,790 [INFO] Extracting raw weather payload data from Open-Meteo API...
2026-06-08 09:05:16,790 [INFO] Extracting data (Attempt 1/3)...
2026-06-08 09:05:17,370 [INFO] Loading stage complete! Raw payload file successfully saved to: raw_json/forecast_2026-06-08.json
2026-06-08 09:05:17,370 [INFO] Connecting to cloud Neon PostgreSQL database instance to archive JSONB document...
2026-06-08 09:05:20,553 [INFO] Successfully committed complete JSONB document payload to cloud storage.
2026-06-08 09:05:20,553 [INFO] Pipeline Execution Success: Raw payload archived to GitHub and flat arrays committed to PostgreSQL database.
2026-06-08 09:05:20,660 [INFO] --- Launching Transform Phase for 2026-06-08 ---
2026-06-08 09:05:20,660 [INFO] Connecting to cloud Neon PostgreSQL database instance to read metrics for 2026-06-08...
2026-06-08 09:05:21,205 [INFO] Calculated Metrics from Staged JSONB Document: Temp: 75.2°F | Humid: 49.5% | Vector: 41.4° (NE -> Downwind: SW)
2026-06-08 09:05:21,221 [INFO] Successfully stored summarized shift targets inside local DuckDB instance.
2026-06-08 09:05:21,261 [INFO] --- Transform Stage Complete for 2026-06-08 ---
2026-06-08 09:05:21,336 [INFO] Starting static dashboard generation (Template)...
2026-06-08 09:05:21,345 [INFO] Dashboard template finalized. Output: index.html
2026-06-09 08:03:56,166 [INFO] --- Launching Ingestion Phase for 2026-06-09 ---
2026-06-09 08:03:56,166 [INFO] Extracting raw weather payload data from Open-Meteo API...
2026-06-09 08:03:56,166 [INFO] Extracting data (Attempt 1/3)...
2026-06-09 08:03:56,551 [INFO] Loading stage complete! Raw payload file successfully saved to: raw_json/forecast_2026-06-09.json
2026-06-09 08:03:56,551 [INFO] Connecting to cloud Neon PostgreSQL database instance to archive JSONB document...
2026-06-09 08:03:57,419 [INFO] Successfully committed complete JSONB document payload to cloud storage.
2026-06-09 08:03:57,419 [INFO] Pipeline Execution Success: Raw payload archived to GitHub and flat arrays committed to PostgreSQL database.
2026-06-09 08:03:57,531 [INFO] --- Launching Transform Phase for 2026-06-09 ---
2026-06-09 08:03:57,531 [INFO] Connecting to cloud Neon PostgreSQL database instance to read metrics for 2026-06-09...
2026-06-09 08:03:57,731 [INFO] Calculated Metrics from Staged JSONB Document: Temp: 80.5°F | Humid: 57.8% | Vector: 218.0° (SW -> Downwind: NE)
2026-06-09 08:03:57,851 [INFO] Successfully stored summarized shift targets inside local DuckDB instance.
2026-06-09 08:03:57,895 [INFO] --- Transform Stage Complete for 2026-06-09 ---
2026-06-09 08:03:57,975 [INFO] Starting static dashboard generation (Template)...
2026-06-09 08:03:57,983 [INFO] Dashboard template finalized. Output: index.html
2026-06-10 08:18:32,568 [INFO] --- Launching Ingestion Phase for 2026-06-10 ---
2026-06-10 08:18:32,568 [INFO] Extracting raw weather payload data from Open-Meteo API...
2026-06-10 08:18:32,568 [INFO] Extracting data (Attempt 1/3)...
2026-06-10 08:18:32,960 [INFO] Loading stage complete! Raw payload file successfully saved to: raw_json/forecast_2026-06-10.json
2026-06-10 08:18:32,960 [INFO] Connecting to cloud Neon PostgreSQL database instance to archive JSONB document...
2026-06-10 08:18:33,879 [INFO] Successfully committed complete JSONB document payload to cloud storage.
2026-06-10 08:18:33,879 [INFO] Pipeline Execution Success: Raw payload archived to GitHub and flat arrays committed to PostgreSQL database.
2026-06-10 08:18:33,997 [INFO] --- Launching Transform Phase for 2026-06-10 ---
2026-06-10 08:18:33,997 [INFO] Connecting to cloud Neon PostgreSQL database instance to read metrics for 2026-06-10...
2026-06-10 08:18:34,278 [INFO] Calculated Metrics from Staged JSONB Document: Temp: 68.2°F | Humid: 96.1% | Vector: 225.7° (SW -> Downwind: NE)
2026-06-10 08:18:34,297 [INFO] Successfully stored summarized shift targets inside local DuckDB instance.
2026-06-10 08:18:34,335 [INFO] --- Transform Stage Complete for 2026-06-10 ---
2026-06-10 08:18:34,418 [INFO] Starting static dashboard generation (Template)...
2026-06-10 08:18:34,427 [INFO] Dashboard template finalized. Output: index.html
2026-06-11 14:22:20,079 [INFO] --- Launching Ingestion Phase for 2026-06-11 ---
2026-06-11 14:22:20,079 [INFO] Extracting raw weather payload data from Open-Meteo API...
2026-06-11 14:22:20,079 [INFO] Extracting data (Attempt 1/3)...
2026-06-11 14:22:20,563 [INFO] Loading stage complete! Raw payload file successfully saved to: raw_json/forecast_2026-06-11.json
2026-06-11 14:22:20,563 [INFO] Connecting to cloud Neon PostgreSQL database instance to archive JSONB document...
2026-06-11 14:22:22,452 [INFO] Successfully committed complete JSONB document payload to cloud storage.
2026-06-11 14:22:22,452 [INFO] Pipeline Execution Success: Raw payload archived to GitHub and flat arrays committed to PostgreSQL database.
2026-06-11 14:22:22,574 [INFO] --- Launching Transform Phase for 2026-06-11 ---
2026-06-11 14:22:22,574 [INFO] Connecting to cloud Neon PostgreSQL database instance to read metrics for 2026-06-11...
2026-06-11 14:22:22,839 [INFO] Calculated Metrics from Staged JSONB Document: Temp: 74.6°F | Humid: 75.9% | Vector: 223.9° (SW -> Downwind: NE)
2026-06-11 14:22:22,856 [INFO] Successfully stored summarized shift targets inside local DuckDB instance.
2026-06-11 14:22:22,897 [INFO] --- Transform Stage Complete for 2026-06-11 ---
2026-06-11 14:22:22,982 [INFO] Starting static dashboard generation (Template)...
2026-06-11 14:22:22,992 [INFO] Dashboard template finalized. Output: index.html
2026-06-12 08:43:21,861 [INFO] --- Launching Ingestion Phase for 2026-06-12 ---
2026-06-12 08:43:21,861 [INFO] Extracting raw weather payload data from Open-Meteo API...
2026-06-12 08:43:21,861 [INFO] Extracting data (Attempt 1/3)...
2026-06-12 08:43:22,514 [INFO] Loading stage complete! Raw payload file successfully saved to: raw_json/forecast_2026-06-12.json
2026-06-12 08:43:22,514 [INFO] Connecting to cloud Neon PostgreSQL database instance to archive JSONB document...
2026-06-12 08:43:23,608 [INFO] Successfully committed complete JSONB document payload to cloud storage.
2026-06-12 08:43:23,608 [INFO] Pipeline Execution Success: Raw payload archived to GitHub and flat arrays committed to PostgreSQL database.
2026-06-12 08:43:23,713 [INFO] --- Launching Transform Phase for 2026-06-12 ---
2026-06-12 08:43:23,713 [INFO] Connecting to cloud Neon PostgreSQL database instance to read metrics for 2026-06-12...
2026-06-12 08:43:24,138 [INFO] Calculated Metrics from Staged JSONB Document: Temp: 68.0°F | Humid: 85.5% | Vector: 229.9° (SW -> Downwind: NE)
2026-06-12 08:43:24,154 [INFO] Successfully stored summarized shift targets inside local DuckDB instance.
2026-06-12 08:43:24,194 [INFO] --- Transform Stage Complete for 2026-06-12 ---
2026-06-12 08:43:24,269 [INFO] Starting static dashboard generation (Template)...
2026-06-12 08:43:24,277 [INFO] Dashboard template finalized. Output: index.html
2026-06-15 10:35:26,150 [INFO] --- Launching Ingestion Phase for 2026-06-15 ---
2026-06-15 10:35:26,150 [INFO] Extracting raw weather payload data from Open-Meteo API...
2026-06-15 10:35:26,150 [INFO] Extracting data (Attempt 1/3)...
2026-06-15 10:35:26,759 [INFO] Loading stage complete! Raw payload file successfully saved to: raw_json/forecast_2026-06-15.json
2026-06-15 10:35:26,760 [INFO] Connecting to cloud Neon PostgreSQL database instance to archive JSONB document...
2026-06-15 10:35:29,870 [INFO] Successfully committed complete JSONB document payload to cloud storage.
2026-06-15 10:35:29,870 [INFO] Pipeline Execution Success: Raw payload archived to GitHub and flat arrays committed to PostgreSQL database.
2026-06-15 10:35:29,974 [INFO] --- Launching Transform Phase for 2026-06-15 ---
2026-06-15 10:35:29,974 [INFO] Connecting to cloud Neon PostgreSQL database instance to read metrics for 2026-06-15...
2026-06-15 10:35:30,383 [INFO] Calculated Metrics from Staged JSONB Document: Temp: 58.5°F | Humid: 70.8% | Vector: 255.3° (WSW -> Downwind: ENE)
2026-06-15 10:35:30,403 [INFO] Successfully stored summarized shift targets inside local DuckDB instance.
2026-06-15 10:35:30,443 [INFO] --- Transform Stage Complete for 2026-06-15 ---
2026-06-15 10:35:30,518 [INFO] Starting static dashboard generation (Template)...
2026-06-15 10:35:30,526 [INFO] Dashboard template finalized. Output: index.html
2026-06-16 09:36:43,626 [INFO] --- Launching Ingestion Phase for 2026-06-16 ---
2026-06-16 09:36:43,626 [INFO] Extracting raw weather payload data from Open-Meteo API...
2026-06-16 09:36:43,626 [INFO] Extracting data (Attempt 1/3)...
2026-06-16 09:36:44,298 [INFO] Loading stage complete! Raw payload file successfully saved to: raw_json/forecast_2026-06-16.json
2026-06-16 09:36:44,299 [INFO] Connecting to cloud Neon PostgreSQL database instance to archive JSONB document...
2026-06-16 09:36:45,543 [INFO] Successfully committed complete JSONB document payload to cloud storage.
2026-06-16 09:36:45,544 [INFO] Pipeline Execution Success: Raw payload archived to GitHub and flat arrays committed to PostgreSQL database.
2026-06-16 09:36:45,653 [INFO] --- Launching Transform Phase for 2026-06-16 ---
2026-06-16 09:36:45,654 [INFO] Connecting to cloud Neon PostgreSQL database instance to read metrics for 2026-06-16...
2026-06-16 09:36:46,282 [INFO] Calculated Metrics from Staged JSONB Document: Temp: 67.6°F | Humid: 48.6% | Vector: 222.1° (SW -> Downwind: NE)
2026-06-16 09:36:46,298 [INFO] Successfully stored summarized shift targets inside local DuckDB instance.
2026-06-16 09:36:46,341 [INFO] --- Transform Stage Complete for 2026-06-16 ---
2026-06-16 09:36:46,419 [INFO] Starting static dashboard generation (Template)...
2026-06-16 09:36:46,428 [INFO] Dashboard template finalized. Output: index.html
2026-06-17 09:15:03,061 [INFO] --- Launching Ingestion Phase for 2026-06-17 ---
2026-06-17 09:15:03,061 [INFO] Extracting raw weather payload data from Open-Meteo API...
2026-06-17 09:15:03,062 [INFO] Extracting data (Attempt 1/3)...
2026-06-17 09:15:03,726 [INFO] Loading stage complete! Raw payload file successfully saved to: raw_json/forecast_2026-06-17.json
2026-06-17 09:15:03,726 [INFO] Connecting to cloud Neon PostgreSQL database instance to archive JSONB document...
2026-06-17 09:15:04,947 [INFO] Successfully committed complete JSONB document payload to cloud storage.
2026-06-17 09:15:04,947 [INFO] Pipeline Execution Success: Raw payload archived to GitHub and flat arrays committed to PostgreSQL database.
2026-06-17 09:15:05,069 [INFO] --- Launching Transform Phase for 2026-06-17 ---
2026-06-17 09:15:05,069 [INFO] Connecting to cloud Neon PostgreSQL database instance to read metrics for 2026-06-17...
2026-06-17 09:15:05,668 [INFO] Calculated Metrics from Staged JSONB Document: Temp: 68.0°F | Humid: 63.5% | Vector: 216.9° (SW -> Downwind: NE)
2026-06-17 09:15:05,687 [INFO] Successfully stored summarized shift targets inside local DuckDB instance.
2026-06-17 09:15:05,730 [INFO] --- Transform Stage Complete for 2026-06-17 ---
2026-06-17 09:15:05,816 [INFO] Starting static dashboard generation (Template)...
2026-06-17 09:15:05,826 [INFO] Dashboard template finalized. Output: index.html
2026-06-18 08:56:40,024 [INFO] --- Launching Ingestion Phase for 2026-06-18 ---
2026-06-18 08:56:40,024 [INFO] Extracting raw weather payload data from Open-Meteo API...
2026-06-18 08:56:40,024 [INFO] Extracting data (Attempt 1/3)...
2026-06-18 08:56:40,575 [INFO] Loading stage complete! Raw payload file successfully saved to: raw_json/forecast_2026-06-18.json
2026-06-18 08:56:40,575 [INFO] Connecting to cloud Neon PostgreSQL database instance to archive JSONB document...
2026-06-18 08:56:41,576 [INFO] Successfully committed complete JSONB document payload to cloud storage.
2026-06-18 08:56:41,576 [INFO] Pipeline Execution Success: Raw payload archived to GitHub and flat arrays committed to PostgreSQL database.
2026-06-18 08:56:41,691 [INFO] --- Launching Transform Phase for 2026-06-18 ---
2026-06-18 08:56:41,691 [INFO] Connecting to cloud Neon PostgreSQL database instance to read metrics for 2026-06-18...
2026-06-18 08:56:41,937 [INFO] Calculated Metrics from Staged JSONB Document: Temp: 66.2°F | Humid: 85.0% | Vector: 229.9° (SW -> Downwind: NE)
2026-06-18 08:56:41,953 [INFO] Successfully stored summarized shift targets inside local DuckDB instance.
2026-06-18 08:56:41,997 [INFO] --- Transform Stage Complete for 2026-06-18 ---
2026-06-18 08:56:42,080 [INFO] Starting static dashboard generation (Template)...
2026-06-18 08:56:42,090 [INFO] Dashboard template finalized. Output: index.html
2026-06-19 09:15:43,048 [INFO] --- Launching Ingestion Phase for 2026-06-19 ---
2026-06-19 09:15:43,048 [INFO] Extracting raw weather payload data from Open-Meteo API...
2026-06-19 09:15:43,048 [INFO] Extracting data (Attempt 1/3)...
2026-06-19 09:15:43,829 [INFO] Loading stage complete! Raw payload file successfully saved to: raw_json/forecast_2026-06-19.json
2026-06-19 09:15:43,829 [INFO] Connecting to cloud Neon PostgreSQL database instance to archive JSONB document...
2026-06-19 09:15:45,277 [INFO] Successfully committed complete JSONB document payload to cloud storage.
2026-06-19 09:15:45,277 [INFO] Pipeline Execution Success: Raw payload archived to GitHub and flat arrays committed to PostgreSQL database.
2026-06-19 09:15:45,354 [INFO] --- Launching Transform Phase for 2026-06-19 ---
2026-06-19 09:15:45,354 [INFO] Connecting to cloud Neon PostgreSQL database instance to read metrics for 2026-06-19...
2026-06-19 09:15:46,073 [INFO] Calculated Metrics from Staged JSONB Document: Temp: 65.9°F | Humid: 69.0% | Vector: 242.1° (WSW -> Downwind: ENE)
2026-06-19 09:15:46,090 [INFO] Successfully stored summarized shift targets inside local DuckDB instance.
2026-06-19 09:15:46,150 [INFO] --- Transform Stage Complete for 2026-06-19 ---
2026-06-19 09:15:46,207 [INFO] Starting static dashboard generation (Template)...
2026-06-19 09:15:46,213 [INFO] Dashboard template finalized. Output: index.html
2026-06-22 10:17:32,297 [INFO] --- Launching Ingestion Phase for 2026-06-22 ---
2026-06-22 10:17:32,297 [INFO] Extracting raw weather payload data from Open-Meteo API...
2026-06-22 10:17:32,297 [INFO] Extracting data (Attempt 1/3)...
2026-06-22 10:17:32,869 [INFO] Loading stage complete! Raw payload file successfully saved to: raw_json/forecast_2026-06-22.json
2026-06-22 10:17:32,869 [INFO] Connecting to cloud Neon PostgreSQL database instance to archive JSONB document...
2026-06-22 10:17:35,766 [INFO] Successfully committed complete JSONB document payload to cloud storage.
2026-06-22 10:17:35,766 [INFO] Pipeline Execution Success: Raw payload archived to GitHub and flat arrays committed to PostgreSQL database.
2026-06-22 10:17:35,879 [INFO] --- Launching Transform Phase for 2026-06-22 ---
2026-06-22 10:17:35,879 [INFO] Connecting to cloud Neon PostgreSQL database instance to read metrics for 2026-06-22...
2026-06-22 10:17:36,176 [INFO] Calculated Metrics from Staged JSONB Document: Temp: 61.7°F | Humid: 90.6% | Vector: 70.1° (ENE -> Downwind: WSW)
2026-06-22 10:17:36,192 [INFO] Successfully stored summarized shift targets inside local DuckDB instance.
2026-06-22 10:17:36,238 [INFO] --- Transform Stage Complete for 2026-06-22 ---
2026-06-22 10:17:36,316 [INFO] Starting static dashboard generation (Template)...
2026-06-22 10:17:36,324 [INFO] Dashboard template finalized. Output: index.html
2026-06-23 07:59:58,056 [INFO] --- Launching Ingestion Phase for 2026-06-23 ---
2026-06-23 07:59:58,056 [INFO] Extracting raw weather payload data from Open-Meteo API...
2026-06-23 07:59:58,057 [INFO] Extracting data (Attempt 1/3)...
2026-06-23 07:59:58,554 [INFO] Loading stage complete! Raw payload file successfully saved to: raw_json/forecast_2026-06-23.json
2026-06-23 07:59:58,554 [INFO] Connecting to cloud Neon PostgreSQL database instance to archive JSONB document...
2026-06-23 07:59:59,413 [INFO] Successfully committed complete JSONB document payload to cloud storage.
2026-06-23 07:59:59,413 [INFO] Pipeline Execution Success: Raw payload archived to GitHub and flat arrays committed to PostgreSQL database.
2026-06-23 07:59:59,519 [INFO] --- Launching Transform Phase for 2026-06-23 ---
2026-06-23 07:59:59,519 [INFO] Connecting to cloud Neon PostgreSQL database instance to read metrics for 2026-06-23...
2026-06-23 07:59:59,767 [INFO] Calculated Metrics from Staged JSONB Document: Temp: 67.7°F | Humid: 64.7% | Vector: 300.8° (WNW -> Downwind: ESE)
2026-06-23 07:59:59,782 [INFO] Successfully stored summarized shift targets inside local DuckDB instance.
2026-06-23 07:59:59,830 [INFO] --- Transform Stage Complete for 2026-06-23 ---
2026-06-23 07:59:59,907 [INFO] Starting static dashboard generation (Template)...
2026-06-23 07:59:59,916 [INFO] Dashboard template finalized. Output: index.html
2026-06-24 07:54:22,806 [INFO] --- Launching Ingestion Phase for 2026-06-24 ---
2026-06-24 07:54:22,806 [INFO] Extracting raw weather payload data from Open-Meteo API...
2026-06-24 07:54:22,806 [INFO] Extracting data (Attempt 1/3)...
2026-06-24 07:54:23,490 [INFO] Loading stage complete! Raw payload file successfully saved to: raw_json/forecast_2026-06-24.json
2026-06-24 07:54:23,490 [INFO] Connecting to cloud Neon PostgreSQL database instance to archive JSONB document...
2026-06-24 07:54:25,237 [INFO] Successfully committed complete JSONB document payload to cloud storage.
2026-06-24 07:54:25,237 [INFO] Pipeline Execution Success: Raw payload archived to GitHub and flat arrays committed to PostgreSQL database.
2026-06-24 07:54:25,355 [INFO] --- Launching Transform Phase for 2026-06-24 ---
2026-06-24 07:54:25,356 [INFO] Connecting to cloud Neon PostgreSQL database instance to read metrics for 2026-06-24...
2026-06-24 07:54:25,932 [INFO] Calculated Metrics from Staged JSONB Document: Temp: 67.5°F | Humid: 60.7% | Vector: 224.3° (SW -> Downwind: NE)
2026-06-24 07:54:25,949 [INFO] Successfully stored summarized shift targets inside local DuckDB instance.
2026-06-24 07:54:25,999 [INFO] --- Transform Stage Complete for 2026-06-24 ---
2026-06-24 07:54:26,084 [INFO] Starting static dashboard generation (Template)...
2026-06-24 07:54:26,094 [INFO] Dashboard template finalized. Output: index.html
2026-06-25 07:55:59,109 [INFO] --- Launching Ingestion Phase for 2026-06-25 ---
2026-06-25 07:55:59,109 [INFO] Extracting raw weather payload data from Open-Meteo API...
2026-06-25 07:55:59,109 [INFO] Extracting data (Attempt 1/3)...
2026-06-25 07:55:59,779 [INFO] Loading stage complete! Raw payload file successfully saved to: raw_json/forecast_2026-06-25.json
2026-06-25 07:55:59,779 [INFO] Connecting to cloud Neon PostgreSQL database instance to archive JSONB document...
2026-06-25 07:56:00,997 [INFO] Successfully committed complete JSONB document payload to cloud storage.
2026-06-25 07:56:00,997 [INFO] Pipeline Execution Success: Raw payload archived to GitHub and flat arrays committed to PostgreSQL database.
2026-06-25 07:56:01,101 [INFO] --- Launching Transform Phase for 2026-06-25 ---
2026-06-25 07:56:01,101 [INFO] Connecting to cloud Neon PostgreSQL database instance to read metrics for 2026-06-25...
2026-06-25 07:56:01,546 [INFO] Calculated Metrics from Staged JSONB Document: Temp: 66.3°F | Humid: 77.4% | Vector: 151.8° (SSE -> Downwind: NNW)
2026-06-25 07:56:01,562 [INFO] Successfully stored summarized shift targets inside local DuckDB instance.
2026-06-25 07:56:01,617 [INFO] --- Transform Stage Complete for 2026-06-25 ---
2026-06-25 07:56:01,695 [INFO] Starting static dashboard generation (Template)...
2026-06-25 07:56:01,704 [INFO] Dashboard template finalized. Output: index.html
2026-06-26 08:04:11,943 [INFO] --- Launching Ingestion Phase for 2026-06-26 ---
2026-06-26 08:04:11,943 [INFO] Extracting raw weather payload data from Open-Meteo API...
2026-06-26 08:04:11,943 [INFO] Extracting data (Attempt 1/3)...
2026-06-26 08:04:12,613 [INFO] Loading stage complete! Raw payload file successfully saved to: raw_json/forecast_2026-06-26.json
2026-06-26 08:04:12,613 [INFO] Connecting to cloud Neon PostgreSQL database instance to archive JSONB document...
2026-06-26 08:04:13,967 [INFO] Successfully committed complete JSONB document payload to cloud storage.
2026-06-26 08:04:13,967 [INFO] Pipeline Execution Success: Raw payload archived to GitHub and flat arrays committed to PostgreSQL database.
2026-06-26 08:04:14,072 [INFO] --- Launching Transform Phase for 2026-06-26 ---
2026-06-26 08:04:14,072 [INFO] Connecting to cloud Neon PostgreSQL database instance to read metrics for 2026-06-26...
2026-06-26 08:04:14,736 [INFO] Calculated Metrics from Staged JSONB Document: Temp: 66.8°F | Humid: 82.9% | Vector: 237.2° (WSW -> Downwind: ENE)
2026-06-26 08:04:14,752 [INFO] Successfully stored summarized shift targets inside local DuckDB instance.
2026-06-26 08:04:14,804 [INFO] --- Transform Stage Complete for 2026-06-26 ---
2026-06-26 08:04:14,880 [INFO] Starting static dashboard generation (Template)...
2026-06-26 08:04:14,889 [INFO] Dashboard template finalized. Output: index.html
2026-06-29 09:11:37,321 [INFO] --- Launching Ingestion Phase for 2026-06-29 ---
2026-06-29 09:11:37,321 [INFO] Extracting raw weather payload data from Open-Meteo API...
2026-06-29 09:11:37,321 [INFO] Extracting data (Attempt 1/3)...
2026-06-29 09:11:37,734 [INFO] Loading stage complete! Raw payload file successfully saved to: raw_json/forecast_2026-06-29.json
2026-06-29 09:11:37,734 [INFO] Connecting to cloud Neon PostgreSQL database instance to archive JSONB document...
2026-06-29 09:11:39,469 [INFO] Successfully committed complete JSONB document payload to cloud storage.
2026-06-29 09:11:39,469 [INFO] Pipeline Execution Success: Raw payload archived to GitHub and flat arrays committed to PostgreSQL database.
2026-06-29 09:11:39,579 [INFO] --- Launching Transform Phase for 2026-06-29 ---
2026-06-29 09:11:39,579 [INFO] Connecting to cloud Neon PostgreSQL database instance to read metrics for 2026-06-29...
2026-06-29 09:11:39,727 [INFO] Calculated Metrics from Staged JSONB Document: Temp: 82.7°F | Humid: 49.5% | Vector: 187.0° (S -> Downwind: N)
2026-06-29 09:11:39,743 [INFO] Successfully stored summarized shift targets inside local DuckDB instance.
2026-06-29 09:11:39,795 [INFO] --- Transform Stage Complete for 2026-06-29 ---
2026-06-29 09:11:39,875 [INFO] Starting static dashboard generation (Template)...
2026-06-29 09:11:39,884 [INFO] Dashboard template finalized. Output: index.html
2026-06-30 08:03:00,082 [INFO] --- Launching Ingestion Phase for 2026-06-30 ---
2026-06-30 08:03:00,082 [INFO] Extracting raw weather payload data from Open-Meteo API...
2026-06-30 08:03:00,082 [INFO] Extracting data (Attempt 1/3)...
2026-06-30 08:03:00,705 [INFO] Loading stage complete! Raw payload file successfully saved to: raw_json/forecast_2026-06-30.json
2026-06-30 08:03:00,705 [INFO] Connecting to cloud Neon PostgreSQL database instance to archive JSONB document...
2026-06-30 08:03:01,532 [INFO] Successfully committed complete JSONB document payload to cloud storage.
2026-06-30 08:03:01,532 [INFO] Pipeline Execution Success: Raw payload archived to GitHub and flat arrays committed to PostgreSQL database.
2026-06-30 08:03:01,629 [INFO] --- Launching Transform Phase for 2026-06-30 ---
2026-06-30 08:03:01,629 [INFO] Connecting to cloud Neon PostgreSQL database instance to read metrics for 2026-06-30...
2026-06-30 08:03:01,926 [INFO] Calculated Metrics from Staged JSONB Document: Temp: 84.1°F | Humid: 65.5% | Vector: 217.1° (SW -> Downwind: NE)
2026-06-30 08:03:01,943 [INFO] Successfully stored summarized shift targets inside local DuckDB instance.
2026-06-30 08:03:01,993 [INFO] --- Transform Stage Complete for 2026-06-30 ---
2026-06-30 08:03:02,063 [INFO] Starting static dashboard generation (Template)...
2026-06-30 08:03:02,073 [INFO] Dashboard template finalized. Output: index.html
2026-07-01 08:32:48,339 [INFO] --- Launching Ingestion Phase for 2026-07-01 ---
2026-07-01 08:32:48,339 [INFO] Extracting raw weather payload data from Open-Meteo API...
2026-07-01 08:32:48,339 [INFO] Extracting data (Attempt 1/3)...
2026-07-01 08:32:48,741 [INFO] Loading stage complete! Raw payload file successfully saved to: raw_json/forecast_2026-07-01.json
2026-07-01 08:32:48,741 [INFO] Connecting to cloud Neon PostgreSQL database instance to archive JSONB document...
2026-07-01 08:32:49,605 [INFO] Successfully committed complete JSONB document payload to cloud storage.
2026-07-01 08:32:49,605 [INFO] Pipeline Execution Success: Raw payload archived to GitHub and flat arrays committed to PostgreSQL database.
2026-07-01 08:32:49,713 [INFO] --- Launching Transform Phase for 2026-07-01 ---
2026-07-01 08:32:49,713 [INFO] Connecting to cloud Neon PostgreSQL database instance to read metrics for 2026-07-01...
2026-07-01 08:32:49,958 [INFO] Calculated Metrics from Staged JSONB Document: Temp: 79.1°F | Humid: 84.5% | Vector: 222.3° (SW -> Downwind: NE)
2026-07-01 08:32:49,973 [INFO] Successfully stored summarized shift targets inside local DuckDB instance.
2026-07-01 08:32:50,028 [INFO] --- Transform Stage Complete for 2026-07-01 ---
2026-07-01 08:32:50,105 [INFO] Starting static dashboard generation (Template)...
2026-07-01 08:32:50,114 [INFO] Dashboard template finalized. Output: index.html
2026-07-02 07:45:53,484 [INFO] --- Launching Ingestion Phase for 2026-07-02 ---
2026-07-02 07:45:53,484 [INFO] Extracting raw weather payload data from Open-Meteo API...
2026-07-02 07:45:53,484 [INFO] Extracting data (Attempt 1/3)...
2026-07-02 07:45:53,974 [INFO] Loading stage complete! Raw payload file successfully saved to: raw_json/forecast_2026-07-02.json
2026-07-02 07:45:53,974 [INFO] Connecting to cloud Neon PostgreSQL database instance to archive JSONB document...
2026-07-02 07:45:55,107 [INFO] Successfully committed complete JSONB document payload to cloud storage.
2026-07-02 07:45:55,108 [INFO] Pipeline Execution Success: Raw payload archived to GitHub and flat arrays committed to PostgreSQL database.
2026-07-02 07:45:55,220 [INFO] --- Launching Transform Phase for 2026-07-02 ---
2026-07-02 07:45:55,221 [INFO] Connecting to cloud Neon PostgreSQL database instance to read metrics for 2026-07-02...
2026-07-02 07:45:55,549 [INFO] Calculated Metrics from Staged JSONB Document: Temp: 79.1°F | Humid: 80.6% | Vector: 227.3° (SW -> Downwind: NE)
2026-07-02 07:45:55,565 [INFO] Successfully stored summarized shift targets inside local DuckDB instance.
2026-07-02 07:45:55,581 [INFO] --- Transform Stage Complete for 2026-07-02 ---
2026-07-02 07:45:55,661 [INFO] Starting static dashboard generation (Template)...
2026-07-02 07:45:55,671 [INFO] Dashboard template finalized. Output: index.html
2026-07-03 07:41:30,340 [INFO] --- Launching Ingestion Phase for 2026-07-03 ---
2026-07-03 07:41:30,340 [INFO] Extracting raw weather payload data from Open-Meteo API...
2026-07-03 07:41:30,340 [INFO] Extracting data (Attempt 1/3)...
2026-07-03 07:41:31,123 [INFO] Loading stage complete! Raw payload file successfully saved to: raw_json/forecast_2026-07-03.json
2026-07-03 07:41:31,123 [INFO] Connecting to cloud Neon PostgreSQL database instance to archive JSONB document...
2026-07-03 07:41:32,392 [INFO] Successfully committed complete JSONB document payload to cloud storage.
2026-07-03 07:41:32,392 [INFO] Pipeline Execution Success: Raw payload archived to GitHub and flat arrays committed to PostgreSQL database.
2026-07-03 07:41:32,496 [INFO] --- Launching Transform Phase for 2026-07-03 ---
2026-07-03 07:41:32,497 [INFO] Connecting to cloud Neon PostgreSQL database instance to read metrics for 2026-07-03...
2026-07-03 07:41:33,167 [INFO] Calculated Metrics from Staged JSONB Document: Temp: 78.9°F | Humid: 78.0% | Vector: 223.9° (SW -> Downwind: NE)
2026-07-03 07:41:33,183 [INFO] Successfully stored summarized shift targets inside local DuckDB instance.
2026-07-03 07:41:33,241 [INFO] --- Transform Stage Complete for 2026-07-03 ---
2026-07-03 07:41:33,317 [INFO] Starting static dashboard generation (Template)...
2026-07-03 07:41:33,325 [INFO] Dashboard template finalized. Output: index.html
2026-07-06 08:42:33,293 [INFO] --- Launching Ingestion Phase for 2026-07-06 ---
2026-07-06 08:42:33,293 [INFO] Extracting raw weather payload data from Open-Meteo API...
2026-07-06 08:42:33,293 [INFO] Extracting data (Attempt 1/3)...
2026-07-06 08:42:33,908 [INFO] Loading stage complete! Raw payload file successfully saved to: raw_json/forecast_2026-07-06.json
2026-07-06 08:42:33,908 [INFO] Connecting to cloud Neon PostgreSQL database instance to archive JSONB document...
2026-07-06 08:42:37,248 [INFO] Successfully committed complete JSONB document payload to cloud storage.
2026-07-06 08:42:37,248 [INFO] Pipeline Execution Success: Raw payload archived to GitHub and flat arrays committed to PostgreSQL database.
2026-07-06 08:42:37,360 [INFO] --- Launching Transform Phase for 2026-07-06 ---
2026-07-06 08:42:37,360 [INFO] Connecting to cloud Neon PostgreSQL database instance to read metrics for 2026-07-06...
2026-07-06 08:42:38,019 [INFO] Calculated Metrics from Staged JSONB Document: Temp: 75.4°F | Humid: 65.5% | Vector: 66.9° (ENE -> Downwind: WSW)
2026-07-06 08:42:38,035 [INFO] Successfully stored summarized shift targets inside local DuckDB instance.
2026-07-06 08:42:38,099 [INFO] --- Transform Stage Complete for 2026-07-06 ---
2026-07-06 08:42:38,179 [INFO] Starting static dashboard generation (Template)...
2026-07-06 08:42:38,189 [INFO] Dashboard template finalized. Output: index.html
2026-07-07 07:54:35,534 [INFO] --- Launching Ingestion Phase for 2026-07-07 ---
2026-07-07 07:54:35,534 [INFO] Extracting raw weather payload data from Open-Meteo API...
2026-07-07 07:54:35,534 [INFO] Extracting data (Attempt 1/3)...
2026-07-07 07:54:36,046 [INFO] Loading stage complete! Raw payload file successfully saved to: raw_json/forecast_2026-07-07.json
2026-07-07 07:54:36,046 [INFO] Connecting to cloud Neon PostgreSQL database instance to archive JSONB document...
2026-07-07 07:54:36,802 [INFO] Successfully committed complete JSONB document payload to cloud storage.
2026-07-07 07:54:36,802 [INFO] Pipeline Execution Success: Raw payload archived to GitHub and flat arrays committed to PostgreSQL database.
2026-07-07 07:54:36,916 [INFO] --- Launching Transform Phase for 2026-07-07 ---
2026-07-07 07:54:36,916 [INFO] Connecting to cloud Neon PostgreSQL database instance to read metrics for 2026-07-07...
2026-07-07 07:54:37,070 [INFO] Calculated Metrics from Staged JSONB Document: Temp: 80.4°F | Humid: 62.1% | Vector: 67.2° (ENE -> Downwind: WSW)
2026-07-07 07:54:37,088 [INFO] Successfully stored summarized shift targets inside local DuckDB instance.
2026-07-07 07:54:37,149 [INFO] --- Transform Stage Complete for 2026-07-07 ---
2026-07-07 07:54:37,232 [INFO] Starting static dashboard generation (Template)...
2026-07-07 07:54:37,242 [INFO] Dashboard template finalized. Output: index.html
2026-07-08 06:40:17,413 [INFO] --- Launching Ingestion Phase for 2026-07-08 ---
2026-07-08 06:40:17,413 [INFO] Extracting raw weather payload data from Open-Meteo API...
2026-07-08 06:40:17,413 [INFO] Extracting data (Attempt 1/3)...
2026-07-08 06:40:17,976 [INFO] Loading stage complete! Raw payload file successfully saved to: raw_json/forecast_2026-07-08.json
2026-07-08 06:40:17,976 [INFO] Connecting to cloud Neon PostgreSQL database instance to archive JSONB document...
2026-07-08 06:40:19,258 [INFO] Successfully committed complete JSONB document payload to cloud storage.
2026-07-08 06:40:19,259 [INFO] Pipeline Execution Success: Raw payload archived to GitHub and flat arrays committed to PostgreSQL database.
2026-07-08 06:40:19,367 [INFO] --- Launching Transform Phase for 2026-07-08 ---
2026-07-08 06:40:19,367 [INFO] Connecting to cloud Neon PostgreSQL database instance to read metrics for 2026-07-08...
2026-07-08 06:40:19,519 [INFO] Calculated Metrics from Staged JSONB Document: Temp: 79.0°F | Humid: 69.4% | Vector: 210.7° (SSW -> Downwind: NNE)
2026-07-08 06:40:19,535 [INFO] Successfully stored summarized shift targets inside local DuckDB instance.
2026-07-08 06:40:19,594 [INFO] --- Transform Stage Complete for 2026-07-08 ---
2026-07-08 06:40:19,676 [INFO] Starting static dashboard generation (Template)...
2026-07-08 06:40:19,685 [INFO] Dashboard template finalized. Output: index.html
2026-07-09 07:54:52,002 [INFO] --- Launching Ingestion Phase for 2026-07-09 ---
2026-07-09 07:54:52,002 [INFO] Extracting raw weather payload data from Open-Meteo API...
2026-07-09 07:54:52,002 [INFO] Extracting data (Attempt 1/3)...
2026-07-09 07:54:52,438 [INFO] Loading stage complete! Raw payload file successfully saved to: raw_json/forecast_2026-07-09.json
2026-07-09 07:54:52,438 [INFO] Connecting to cloud Neon PostgreSQL database instance to archive JSONB document...
2026-07-09 07:54:53,746 [INFO] Successfully committed complete JSONB document payload to cloud storage.
2026-07-09 07:54:53,746 [INFO] Pipeline Execution Success: Raw payload archived to GitHub and flat arrays committed to PostgreSQL database.
2026-07-09 07:54:53,850 [INFO] --- Launching Transform Phase for 2026-07-09 ---
2026-07-09 07:54:53,850 [INFO] Connecting to cloud Neon PostgreSQL database instance to read metrics for 2026-07-09...
2026-07-09 07:54:54,034 [INFO] Calculated Metrics from Staged JSONB Document: Temp: 79.4°F | Humid: 66.2% | Vector: 221.6° (SW -> Downwind: NE)
2026-07-09 07:54:54,049 [INFO] Successfully stored summarized shift targets inside local DuckDB instance.
2026-07-09 07:54:54,130 [INFO] --- Transform Stage Complete for 2026-07-09 ---
2026-07-09 07:54:54,206 [INFO] Starting static dashboard generation (Template)...
2026-07-09 07:54:54,215 [INFO] Dashboard template finalized. Output: index.html
2026-07-10 07:54:22,741 [INFO] --- Launching Ingestion Phase for 2026-07-10 ---
2026-07-10 07:54:22,742 [INFO] Extracting raw weather payload data from Open-Meteo API...
2026-07-10 07:54:22,742 [INFO] Extracting data (Attempt 1/3)...
2026-07-10 07:54:23,391 [INFO] Loading stage complete! Raw payload file successfully saved to: raw_json/forecast_2026-07-10.json
2026-07-10 07:54:23,391 [INFO] Connecting to cloud Neon PostgreSQL database instance to archive JSONB document...
2026-07-10 07:54:24,829 [INFO] Successfully committed complete JSONB document payload to cloud storage.
2026-07-10 07:54:24,829 [INFO] Pipeline Execution Success: Raw payload archived to GitHub and flat arrays committed to PostgreSQL database.
2026-07-10 07:54:24,932 [INFO] --- Launching Transform Phase for 2026-07-10 ---
2026-07-10 07:54:24,932 [INFO] Connecting to cloud Neon PostgreSQL database instance to read metrics for 2026-07-10...
2026-07-10 07:54:25,723 [INFO] Calculated Metrics from Staged JSONB Document: Temp: 77.1°F | Humid: 75.8% | Vector: 345.9° (NNW -> Downwind: SSE)
2026-07-10 07:54:25,742 [INFO] Successfully stored summarized shift targets inside local DuckDB instance.
2026-07-10 07:54:25,807 [INFO] --- Transform Stage Complete for 2026-07-10 ---
2026-07-10 07:54:25,885 [INFO] Starting static dashboard generation (Template)...
2026-07-10 07:54:25,894 [INFO] Dashboard template finalized. Output: index.html
2026-07-13 07:43:01,422 [INFO] --- Launching Ingestion Phase for 2026-07-13 ---
2026-07-13 07:43:01,422 [INFO] Extracting raw weather payload data from Open-Meteo API...
2026-07-13 07:43:01,422 [INFO] Extracting data (Attempt 1/3)...
2026-07-13 07:43:01,834 [INFO] Loading stage complete! Raw payload file successfully saved to: raw_json/forecast_2026-07-13.json
2026-07-13 07:43:01,834 [INFO] Connecting to cloud Neon PostgreSQL database instance to archive JSONB document...
2026-07-13 07:43:03,178 [INFO] Successfully committed complete JSONB document payload to cloud storage.
2026-07-13 07:43:03,178 [INFO] Pipeline Execution Success: Raw payload archived to GitHub and flat arrays committed to PostgreSQL database.
2026-07-13 07:43:03,291 [INFO] --- Launching Transform Phase for 2026-07-13 ---
2026-07-13 07:43:03,291 [INFO] Connecting to cloud Neon PostgreSQL database instance to read metrics for 2026-07-13...
2026-07-13 07:43:03,474 [INFO] Calculated Metrics from Staged JSONB Document: Temp: 78.5°F | Humid: 52.0% | Vector: 224.8° (SW -> Downwind: NE)
2026-07-13 07:43:03,494 [INFO] Successfully stored summarized shift targets inside local DuckDB instance.
2026-07-13 07:43:03,556 [INFO] --- Transform Stage Complete for 2026-07-13 ---
2026-07-13 07:43:03,638 [INFO] Starting static dashboard generation (Template)...
2026-07-13 07:43:03,648 [INFO] Dashboard template finalized. Output: index.html
2026-07-14 06:27:57,407 [INFO] --- Launching Ingestion Phase for 2026-07-14 ---
2026-07-14 06:27:57,407 [INFO] Extracting raw weather payload data from Open-Meteo API...
2026-07-14 06:27:57,407 [INFO] Extracting data (Attempt 1/3)...
2026-07-14 06:27:58,090 [INFO] Loading stage complete! Raw payload file successfully saved to: raw_json/forecast_2026-07-14.json
2026-07-14 06:27:58,090 [INFO] Connecting to cloud Neon PostgreSQL database instance to archive JSONB document...
2026-07-14 06:27:59,141 [INFO] Successfully committed complete JSONB document payload to cloud storage.
2026-07-14 06:27:59,141 [INFO] Pipeline Execution Success: Raw payload archived to GitHub and flat arrays committed to PostgreSQL database.
2026-07-14 06:27:59,252 [INFO] --- Launching Transform Phase for 2026-07-14 ---
2026-07-14 06:27:59,252 [INFO] Connecting to cloud Neon PostgreSQL database instance to read metrics for 2026-07-14...
2026-07-14 06:27:59,566 [INFO] Calculated Metrics from Staged JSONB Document: Temp: 80.9°F | Humid: 71.0% | Vector: 226.0° (SW -> Downwind: NE)
2026-07-14 06:27:59,583 [INFO] Successfully stored summarized shift targets inside local DuckDB instance.
2026-07-14 06:27:59,648 [INFO] --- Transform Stage Complete for 2026-07-14 ---
2026-07-14 06:27:59,732 [INFO] Starting static dashboard generation (Template)...
2026-07-14 06:27:59,743 [INFO] Dashboard template finalized. Output: index.html
2026-07-15 06:30:23,378 [INFO] --- Launching Ingestion Phase for 2026-07-15 ---
2026-07-15 06:30:23,379 [INFO] Extracting raw weather payload data from Open-Meteo API...
2026-07-15 06:30:23,379 [INFO] Extracting data (Attempt 1/3)...
2026-07-15 06:30:23,880 [INFO] Loading stage complete! Raw payload file successfully saved to: raw_json/forecast_2026-07-15.json
2026-07-15 06:30:23,880 [INFO] Connecting to cloud Neon PostgreSQL database instance to archive JSONB document...
2026-07-15 06:30:24,743 [INFO] Successfully committed complete JSONB document payload to cloud storage.
2026-07-15 06:30:24,743 [INFO] Pipeline Execution Success: Raw payload archived to GitHub and flat arrays committed to PostgreSQL database.
2026-07-15 06:30:24,855 [INFO] --- Launching Transform Phase for 2026-07-15 ---
2026-07-15 06:30:24,855 [INFO] Connecting to cloud Neon PostgreSQL database instance to read metrics for 2026-07-15...
2026-07-15 06:30:25,082 [INFO] Calculated Metrics from Staged JSONB Document: Temp: 83.5°F | Humid: 53.6% | Vector: 270.7° (W -> Downwind: E)
2026-07-15 06:30:25,098 [INFO] Successfully stored summarized shift targets inside local DuckDB instance.
2026-07-15 06:30:25,164 [INFO] --- Transform Stage Complete for 2026-07-15 ---
2026-07-15 06:30:25,246 [INFO] Starting static dashboard generation (Template)...
2026-07-15 06:30:25,256 [INFO] Dashboard template finalized. Output: index.html
2026-07-16 06:33:49,011 [INFO] --- Launching Ingestion Phase for 2026-07-16 ---
2026-07-16 06:33:49,011 [INFO] Extracting raw weather payload data from Open-Meteo API...
2026-07-16 06:33:49,011 [INFO] Extracting data (Attempt 1/3)...
2026-07-16 06:33:49,435 [INFO] Loading stage complete! Raw payload file successfully saved to: raw_json/forecast_2026-07-16.json
2026-07-16 06:33:49,435 [INFO] Connecting to cloud Neon PostgreSQL database instance to archive JSONB document...
2026-07-16 06:33:50,288 [INFO] Successfully committed complete JSONB document payload to cloud storage.
2026-07-16 06:33:50,289 [INFO] Pipeline Execution Success: Raw payload archived to GitHub and flat arrays committed to PostgreSQL database.
2026-07-16 06:33:50,392 [INFO] --- Launching Transform Phase for 2026-07-16 ---
2026-07-16 06:33:50,392 [INFO] Connecting to cloud Neon PostgreSQL database instance to read metrics for 2026-07-16...
2026-07-16 06:33:50,576 [INFO] Calculated Metrics from Staged JSONB Document: Temp: 76.4°F | Humid: 58.2% | Vector: 282.5° (WNW -> Downwind: ESE)
2026-07-16 06:33:50,592 [INFO] Successfully stored summarized shift targets inside local DuckDB instance.
2026-07-16 06:33:50,658 [INFO] --- Transform Stage Complete for 2026-07-16 ---
2026-07-16 06:33:50,734 [INFO] Starting static dashboard generation (Template)...
2026-07-16 06:33:50,744 [INFO] Dashboard template finalized. Output: index.html
2026-07-17 06:29:56,883 [INFO] --- Launching Ingestion Phase for 2026-07-17 ---
2026-07-17 06:29:56,883 [INFO] Extracting raw weather payload data from Open-Meteo API...
2026-07-17 06:29:56,883 [INFO] Extracting data (Attempt 1/3)...
2026-07-17 06:29:57,674 [INFO] Loading stage complete! Raw payload file successfully saved to: raw_json/forecast_2026-07-17.json
2026-07-17 06:29:57,674 [INFO] Connecting to cloud Neon PostgreSQL database instance to archive JSONB document...
2026-07-17 06:29:59,133 [INFO] Successfully committed complete JSONB document payload to cloud storage.
2026-07-17 06:29:59,133 [INFO] Pipeline Execution Success: Raw payload archived to GitHub and flat arrays committed to PostgreSQL database.
2026-07-17 06:29:59,234 [INFO] --- Launching Transform Phase for 2026-07-17 ---
2026-07-17 06:29:59,234 [INFO] Connecting to cloud Neon PostgreSQL database instance to read metrics for 2026-07-17...
2026-07-17 06:29:59,990 [INFO] Calculated Metrics from Staged JSONB Document: Temp: 76.0°F | Humid: 53.7% | Vector: 213.4° (SSW -> Downwind: NNE)
2026-07-17 06:30:00,029 [INFO] Successfully stored summarized shift targets inside local DuckDB instance.
2026-07-17 06:30:00,337 [INFO] --- Transform Stage Complete for 2026-07-17 ---
2026-07-17 06:30:00,412 [INFO] Starting static dashboard generation (Template)...
2026-07-17 06:30:00,421 [INFO] Dashboard template finalized. Output: index.html
2026-07-20 07:33:17,140 [INFO] --- Launching Ingestion Phase for 2026-07-20 ---
2026-07-20 07:33:17,140 [INFO] Extracting raw weather payload data from Open-Meteo API...
2026-07-20 07:33:17,140 [INFO] Extracting data (Attempt 1/3)...
2026-07-20 07:33:17,752 [INFO] Loading stage complete! Raw payload file successfully saved to: raw_json/forecast_2026-07-20.json
2026-07-20 07:33:17,752 [INFO] Connecting to cloud Neon PostgreSQL database instance to archive JSONB document...
2026-07-20 07:33:23,049 [INFO] Successfully committed complete JSONB document payload to cloud storage.
2026-07-20 07:33:23,049 [INFO] Pipeline Execution Success: Raw payload archived to GitHub and flat arrays committed to PostgreSQL database.
2026-07-20 07:33:23,141 [INFO] --- Launching Transform Phase for 2026-07-20 ---
2026-07-20 07:33:23,141 [INFO] Connecting to cloud Neon PostgreSQL database instance to read metrics for 2026-07-20...
2026-07-20 07:33:23,800 [INFO] Calculated Metrics from Staged JSONB Document: Temp: 72.5°F | Humid: 57.9% | Vector: 222.6° (SW -> Downwind: NE)
2026-07-20 07:33:23,999 [INFO] Successfully stored summarized shift targets inside local DuckDB instance.
2026-07-20 07:33:24,354 [INFO] --- Transform Stage Complete for 2026-07-20 ---
2026-07-20 07:33:24,424 [INFO] Starting static dashboard generation (Template)...
2026-07-20 07:33:24,432 [INFO] Dashboard template finalized. Output: index.html
2026-07-21 06:43:17,498 [INFO] --- Launching Ingestion Phase for 2026-07-21 ---
2026-07-21 06:43:17,499 [INFO] Extracting raw weather payload data from Open-Meteo API...
2026-07-21 06:43:17,499 [INFO] Extracting data (Attempt 1/3)...
2026-07-21 06:43:18,155 [INFO] Loading stage complete! Raw payload file successfully saved to: raw_json/forecast_2026-07-21.json
2026-07-21 06:43:18,155 [INFO] Connecting to cloud Neon PostgreSQL database instance to archive JSONB document...
2026-07-21 06:43:19,617 [INFO] Successfully committed complete JSONB document payload to cloud storage.
2026-07-21 06:43:19,617 [INFO] Pipeline Execution Success: Raw payload archived to GitHub and flat arrays committed to PostgreSQL database.
2026-07-21 06:43:19,725 [INFO] --- Launching Transform Phase for 2026-07-21 ---
2026-07-21 06:43:19,725 [INFO] Connecting to cloud Neon PostgreSQL database instance to read metrics for 2026-07-21...
2026-07-21 06:43:20,547 [INFO] Calculated Metrics from Staged JSONB Document: Temp: 76.7°F | Humid: 66.5% | Vector: 217.0° (SW -> Downwind: NE)
2026-07-21 06:43:20,562 [INFO] Successfully stored summarized shift targets inside local DuckDB instance.
2026-07-21 06:43:20,631 [INFO] --- Transform Stage Complete for 2026-07-21 ---
2026-07-21 06:43:20,711 [INFO] Starting static dashboard generation (Template)...
2026-07-21 06:43:20,720 [INFO] Dashboard template finalized. Output: index.html
2026-07-22 06:44:18,751 [INFO] --- Launching Ingestion Phase for 2026-07-22 ---
2026-07-22 06:44:18,751 [INFO] Extracting raw weather payload data from Open-Meteo API...
2026-07-22 06:44:18,751 [INFO] Extracting data (Attempt 1/3)...
2026-07-22 06:44:19,194 [INFO] Loading stage complete! Raw payload file successfully saved to: raw_json/forecast_2026-07-22.json
2026-07-22 06:44:19,194 [INFO] Connecting to cloud Neon PostgreSQL database instance to archive JSONB document...
2026-07-22 06:44:20,280 [INFO] Successfully committed complete JSONB document payload to cloud storage.
2026-07-22 06:44:20,280 [INFO] Pipeline Execution Success: Raw payload archived to GitHub and flat arrays committed to PostgreSQL database.
2026-07-22 06:44:20,387 [INFO] --- Launching Transform Phase for 2026-07-22 ---
2026-07-22 06:44:20,387 [INFO] Connecting to cloud Neon PostgreSQL database instance to read metrics for 2026-07-22...
2026-07-22 06:44:20,735 [INFO] Calculated Metrics from Staged JSONB Document: Temp: 64.7°F | Humid: 65.1% | Vector: 274.7° (W -> Downwind: E)
2026-07-22 06:44:20,750 [INFO] Successfully stored summarized shift targets inside local DuckDB instance.
2026-07-22 06:44:20,821 [INFO] --- Transform Stage Complete for 2026-07-22 ---
2026-07-22 06:44:20,904 [INFO] Starting static dashboard generation (Template)...
2026-07-22 06:44:20,913 [INFO] Dashboard template finalized. Output: index.html
2026-07-23 06:41:38,945 [INFO] --- Launching Ingestion Phase for 2026-07-23 ---
2026-07-23 06:41:38,945 [INFO] Extracting raw weather payload data from Open-Meteo API...
2026-07-23 06:41:38,945 [INFO] Extracting data (Attempt 1/3)...
2026-07-23 06:41:39,473 [INFO] Loading stage complete! Raw payload file successfully saved to: raw_json/forecast_2026-07-23.json
2026-07-23 06:41:39,474 [INFO] Connecting to cloud Neon PostgreSQL database instance to archive JSONB document...
2026-07-23 06:41:40,353 [INFO] Successfully committed complete JSONB document payload to cloud storage.
2026-07-23 06:41:40,353 [INFO] Pipeline Execution Success: Raw payload archived to GitHub and flat arrays committed to PostgreSQL database.
2026-07-23 06:41:40,458 [INFO] --- Launching Transform Phase for 2026-07-23 ---
2026-07-23 06:41:40,458 [INFO] Connecting to cloud Neon PostgreSQL database instance to read metrics for 2026-07-23...
2026-07-23 06:41:40,596 [INFO] Calculated Metrics from Staged JSONB Document: Temp: 68.8°F | Humid: 47.5% | Vector: 264.6° (W -> Downwind: E)
2026-07-23 06:41:40,614 [INFO] Successfully stored summarized shift targets inside local DuckDB instance.
2026-07-23 06:41:40,711 [INFO] --- Transform Stage Complete for 2026-07-23 ---
2026-07-23 06:41:40,795 [INFO] Starting static dashboard generation (Template)...
2026-07-23 06:41:40,806 [INFO] Dashboard template finalized. Output: index.html
2026-07-24 06:41:29,782 [INFO] --- Launching Ingestion Phase for 2026-07-24 ---
2026-07-24 06:41:29,782 [INFO] Extracting raw weather payload data from Open-Meteo API...
2026-07-24 06:41:29,783 [INFO] Extracting data (Attempt 1/3)...
2026-07-24 06:41:30,219 [INFO] Loading stage complete! Raw payload file successfully saved to: raw_json/forecast_2026-07-24.json
2026-07-24 06:41:30,219 [INFO] Connecting to cloud Neon PostgreSQL database instance to archive JSONB document...
2026-07-24 06:41:31,179 [INFO] Successfully committed complete JSONB document payload to cloud storage.
2026-07-24 06:41:31,179 [INFO] Pipeline Execution Success: Raw payload archived to GitHub and flat arrays committed to PostgreSQL database.
2026-07-24 06:41:31,290 [INFO] --- Launching Transform Phase for 2026-07-24 ---
2026-07-24 06:41:31,290 [INFO] Connecting to cloud Neon PostgreSQL database instance to read metrics for 2026-07-24...
2026-07-24 06:41:31,557 [INFO] Calculated Metrics from Staged JSONB Document: Temp: 73.9°F | Humid: 42.6% | Vector: 203.8° (SSW -> Downwind: NNE)
2026-07-24 06:41:31,573 [INFO] Successfully stored summarized shift targets inside local DuckDB instance.
2026-07-24 06:41:31,648 [INFO] --- Transform Stage Complete for 2026-07-24 ---
2026-07-24 06:41:31,732 [INFO] Starting static dashboard generation (Template)...
2026-07-24 06:41:31,741 [INFO] Dashboard template finalized. Output: index.html
